error[E0428]: the name `TestWidget` is defined multiple times
 --> cases/widget/name_conflict2.rs:6:1
  |
3 | #[widget($crate::TestWidget)]
  | ----------------------------- previous definition of the type `TestWidget` here
...
6 | #[widget($crate::TestWidget)]
  | ^^^^^^^^^^^^^^^^^^^^^^^^^^^^^ `TestWidget` redefined here
  |
  = note: `TestWidget` must be defined only once in the type namespace of this module
  = note: this error originates in the attribute macro `widget` (in Nightly builds, run with -Z macro-backtrace for more info)

error[E0428]: the name `_TestWidget__` is defined multiple times
 --> cases/widget/name_conflict2.rs:6:1
  |
3 | #[widget($crate::TestWidget)]
  | ----------------------------- previous definition of the macro `_TestWidget__` here
...
6 | #[widget($crate::TestWidget)]
  | ^^^^^^^^^^^^^^^^^^^^^^^^^^^^^ `_TestWidget__` redefined here
  |
  = note: `_TestWidget__` must be defined only once in the macro namespace of this module
  = note: this error originates in the attribute macro `widget` (in Nightly builds, run with -Z macro-backtrace for more info)

error[E0428]: the name `zzz_widget_path__TestWidget` is defined multiple times
 --> cases/widget/name_conflict2.rs:6:18
  |
3 | #[widget($crate::TestWidget)]
  |                  ---------- previous definition of the module `zzz_widget_path__TestWidget` here
...
6 | #[widget($crate::TestWidget)]
  |                  ^^^^^^^^^^ `zzz_widget_path__TestWidget` redefined here
  |
  = note: `zzz_widget_path__TestWidget` must be defined only once in the type namespace of this module

error[E0119]: conflicting implementations of trait `Deref` for type `TestWidget`
 --> cases/widget/name_conflict2.rs:6:1
  |
3 | #[widget($crate::TestWidget)]
  | ----------------------------- first implementation here
...
6 | #[widget($crate::TestWidget)]
  | ^^^^^^^^^^^^^^^^^^^^^^^^^^^^^ conflicting implementation for `TestWidget`
  |
  = note: this error originates in the attribute macro `widget` (in Nightly builds, run with -Z macro-backtrace for more info)

error[E0119]: conflicting implementations of trait `DerefMut` for type `TestWidget`
 --> cases/widget/name_conflict2.rs:6:1
  |
3 | #[widget($crate::TestWidget)]
  | ----------------------------- first implementation here
...
6 | #[widget($crate::TestWidget)]
  | ^^^^^^^^^^^^^^^^^^^^^^^^^^^^^ conflicting implementation for `TestWidget`
  |
  = note: this error originates in the attribute macro `widget` (in Nightly builds, run with -Z macro-backtrace for more info)

error[E0119]: conflicting implementations of trait `WidgetImpl` for type `TestWidget`
 --> cases/widget/name_conflict2.rs:6:1
  |
3 | #[widget($crate::TestWidget)]
  | ----------------------------- first implementation here
...
6 | #[widget($crate::TestWidget)]
  | ^^^^^^^^^^^^^^^^^^^^^^^^^^^^^ conflicting implementation for `TestWidget`
  |
  = note: this error originates in the attribute macro `widget` (in Nightly builds, run with -Z macro-backtrace for more info)

error[E0592]: duplicate definitions with name `widget_new`
 --> cases/widget/name_conflict2.rs:3:1
  |
3 | #[widget($crate::TestWidget)]
  | ^^^^^^^^^^^^^^^^^^^^^^^^^^^^^ duplicate definitions for `widget_new`
...
6 | #[widget($crate::TestWidget)]
  | ----------------------------- other definition for `widget_new`
  |
  = note: this error originates in the attribute macro `widget` (in Nightly builds, run with -Z macro-backtrace for more info)

error[E0592]: duplicate definitions with name `widget_type`
 --> cases/widget/name_conflict2.rs:3:1
  |
3 | #[widget($crate::TestWidget)]
  | ^^^^^^^^^^^^^^^^^^^^^^^^^^^^^ duplicate definitions for `widget_type`
...
6 | #[widget($crate::TestWidget)]
  | ----------------------------- other definition for `widget_type`
  |
  = note: this error originates in the attribute macro `widget` (in Nightly builds, run with -Z macro-backtrace for more info)

error[E0034]: multiple applicable items in scope
 --> cases/widget/name_conflict2.rs:3:1
  |
3 | #[widget($crate::TestWidget)]
  | ^^^^^^^^^^^^^^^^^^^^^^^^^^^^^ multiple `widget_type` found
  |
note: candidate #1 is defined in an impl for the type `TestWidget`
 --> cases/widget/name_conflict2.rs:3:1
  |
3 | #[widget($crate::TestWidget)]
  | ^^^^^^^^^^^^^^^^^^^^^^^^^^^^^
note: candidate #2 is defined in an impl for the type `TestWidget`
 --> cases/widget/name_conflict2.rs:6:1
  |
6 | #[widget($crate::TestWidget)]
  | ^^^^^^^^^^^^^^^^^^^^^^^^^^^^^
  = note: this error originates in the attribute macro `widget` (in Nightly builds, run with -Z macro-backtrace for more info)

error[E0282]: type annotations needed
 --> cases/widget/name_conflict2.rs:3:1
  |
3 | #[widget($crate::TestWidget)]
  | ^^^^^^^^^^^^^^^^^^^^^^^^^^^^^ cannot infer type
  |
  = note: this error originates in the attribute macro `widget` (in Nightly builds, run with -Z macro-backtrace for more info)

error[E0599]: no method named `widget_intrinsic` found for struct `TestWidget` in the current scope
 --> cases/widget/name_conflict2.rs:3:1
  |
3 | #[widget($crate::TestWidget)]
  | ^^^^^^^^^^^^^^^^^^^^^^^^^^^^^
  | |
  | method not found in `TestWidget`
  | method `widget_intrinsic` not found for this struct
  |
  = help: items from traits can only be used if the trait is implemented and in scope
  = note: the following trait defines an item `widget_intrinsic`, perhaps you need to implement it:
          candidate #1: `WidgetImpl`
  = note: this error originates in the attribute macro `widget` (in Nightly builds, run with -Z macro-backtrace for more info)

error[E0034]: multiple applicable items in scope
 --> cases/widget/name_conflict2.rs:6:1
  |
6 | #[widget($crate::TestWidget)]
  | ^^^^^^^^^^^^^^^^^^^^^^^^^^^^^ multiple `widget_type` found
  |
note: candidate #1 is defined in an impl for the type `TestWidget`
 --> cases/widget/name_conflict2.rs:3:1
  |
3 | #[widget($crate::TestWidget)]
  | ^^^^^^^^^^^^^^^^^^^^^^^^^^^^^
note: candidate #2 is defined in an impl for the type `TestWidget`
 --> cases/widget/name_conflict2.rs:6:1
  |
6 | #[widget($crate::TestWidget)]
  | ^^^^^^^^^^^^^^^^^^^^^^^^^^^^^
  = note: this error originates in the attribute macro `widget` (in Nightly builds, run with -Z macro-backtrace for more info)

error[E0282]: type annotations needed
 --> cases/widget/name_conflict2.rs:6:1
  |
6 | #[widget($crate::TestWidget)]
  | ^^^^^^^^^^^^^^^^^^^^^^^^^^^^^ cannot infer type
  |
  = note: this error originates in the attribute macro `widget` (in Nightly builds, run with -Z macro-backtrace for more info)

error[E0599]: no method named `widget_intrinsic` found for struct `TestWidget` in the current scope
 --> cases/widget/name_conflict2.rs:6:1
  |
3 | #[widget($crate::TestWidget)]
  | ----------------------------- method `widget_intrinsic` not found for this struct
...
6 | #[widget($crate::TestWidget)]
  | ^^^^^^^^^^^^^^^^^^^^^^^^^^^^^ method not found in `TestWidget`
  |
  = help: items from traits can only be used if the trait is implemented and in scope
  = note: the following trait defines an item `widget_intrinsic`, perhaps you need to implement it:
          candidate #1: `WidgetImpl`
  = note: this error originates in the attribute macro `widget` (in Nightly builds, run with -Z macro-backtrace for more info)
