error: expected identifier or index
 --> cases/widget_new/error_in_when_expr3.rs:8:23
  |
8 |         when *#margin.0. {
  |                       ^^
