error[E0433]: failed to resolve: use of unresolved module or unlinked crate `unknown`
 --> cases/widget_new/error_in_property_expr.rs:7:21
  |
7 |             let _ = unknown::path();
  |                     ^^^^^^^ use of unresolved module or unlinked crate `unknown`
  |
  = help: if you wanted to use a crate named `unknown`, use `cargo add unknown` to add it to your `Cargo.toml`
