error: unknown special value, expected `unset!`
 --> cases/widget_new/invalid_special.rs:7:28
  |
7 |         background_color = invalid!;
  |                            ^^^^^^^

warning: unused import: `widget::background_color`
 --> cases/widget_new/invalid_special.rs:1:32
  |
1 | use zng::{APP, button::Button, widget::background_color};
  |                                ^^^^^^^^^^^^^^^^^^^^^^^^
  |
  = note: `#[warn(unused_imports)]` on by default
