error: expected `=`
 --> cases/widget_new/malformed_property_path2.rs:7:15
  |
7 |         margin! = 0;
  |               ^
