error: expected identifier, found keyword `_`
 --> cases/widget_new/malformed_property_path1.rs:7:9
  |
7 |         _ = 0;
  |         ^
