error[E0277]: the trait bound `(): IntoVar<LinearGradientAxis>` is not satisfied
  --> cases/widget_new/missing_field_all_multi.rs:12:31
   |
12 |         background_gradient = {}
   |         -------------------   ^^ the trait `IntoVar<LinearGradientAxis>` is not implemented for `()`
   |         |
   |         required by a bound introduced by this call
   |
   = note: `IntoVar<T>` is implemented for all `T: VarValue`
   = note: `IntoVar<T>` is implemented for `Var<T>`, `ContextVar<T>` and others
   = help: the following other types implement trait `IntoVar<T>`:
            <implementers-list>
note: required by a bound in `zng::widget::background_gradient::background_gradient`
  --> $WORKSPACE/crates/zng-wgt-fill/src/lib.rs
   |
   | pub fn background_gradient(child: impl UiNode, axis: impl IntoVar<LinearGradientAxis>, stops: impl IntoVar<GradientStops>) -> impl UiNode {
   |                                                           ^^^^^^^^^^^^^^^^^^^^^^^^^^^ required by this bound in `background_gradient::background_gradient`

error[E0061]: this method takes 2 arguments but 1 argument was supplied
  --> cases/widget_new/missing_field_all_multi.rs:12:9
   |
8  |       let _ = Wgt! {
   |  _____________-
...  |
12 | |         background_gradient = {}
   | |         ^^^^^^^^^^^^^^^^^^^
13 | |     };
   | |_____- argument #2 is missing
   |
note: method defined here
  --> $WORKSPACE/crates/zng-wgt-fill/src/lib.rs
   |
   | pub fn background_gradient(child: impl UiNode, axis: impl IntoVar<LinearGradientAxis>, stops: impl IntoVar<GradientStops>) -> impl UiNode {
   |        ^^^^^^^^^^^^^^^^^^^
help: provide the argument
  --> $WORKSPACE/crates/zng-wgt/src/wgt.rs
   |
   - #[widget($crate::Wgt)]
   + background_gradient({}, /* stops */)
   |
