  the-app/The App
  the-app/The App/ok
  the-app/The App.md
